Archive member included to satisfy reference by file (symbol)

/usr/lib/gcc/avr/4.9.2/avr6/libgcc.a(_exit.o)
                              /usr/lib/gcc/avr/4.9.2/../../../avr/lib/avr6/crtatmega2560.o (exit)
/usr/lib/gcc/avr/4.9.2/avr6/libgcc.a(_copy_data.o)
                              ./uart/uart.o (__do_copy_data)
/usr/lib/gcc/avr/4.9.2/avr6/libgcc.a(_clear_bss.o)
                              ./comm/nRF24L01.o (__do_clear_bss)
/usr/lib/gcc/avr/4.9.2/../../../avr/lib/avr6/libm.a(addsf3.o)
                              ./adcs/complementaryFilter.o (__addsf3)
/usr/lib/gcc/avr/4.9.2/../../../avr/lib/avr6/libm.a(addsf3x.o)
                              /usr/lib/gcc/avr/4.9.2/../../../avr/lib/avr6/libm.a(addsf3.o) (__addsf3x)
/usr/lib/gcc/avr/4.9.2/../../../avr/lib/avr6/libm.a(atan.o)
                              ./adcs/complementaryFilter.o (atan)
/usr/lib/gcc/avr/4.9.2/../../../avr/lib/avr6/libm.a(cmpsf2.o)
                              ./hooks.o (__ltsf2)
/usr/lib/gcc/avr/4.9.2/../../../avr/lib/avr6/libm.a(divsf3.o)
                              ./adcs/complementaryFilter.o (__divsf3)
/usr/lib/gcc/avr/4.9.2/../../../avr/lib/avr6/libm.a(divsf3x.o)
                              /usr/lib/gcc/avr/4.9.2/../../../avr/lib/avr6/libm.a(divsf3.o) (__divsf3x)
/usr/lib/gcc/avr/4.9.2/../../../avr/lib/avr6/libm.a(fixunssfsi.o)
                              ./hooks.o (__fixunssfsi)
/usr/lib/gcc/avr/4.9.2/../../../avr/lib/avr6/libm.a(floatsisf.o)
                              ./adcs/mpu6050.o (__floatsisf)
/usr/lib/gcc/avr/4.9.2/../../../avr/lib/avr6/libm.a(fp_cmp.o)
                              /usr/lib/gcc/avr/4.9.2/../../../avr/lib/avr6/libm.a(cmpsf2.o) (__fp_cmp)
/usr/lib/gcc/avr/4.9.2/../../../avr/lib/avr6/libm.a(fp_inf.o)
                              /usr/lib/gcc/avr/4.9.2/../../../avr/lib/avr6/libm.a(addsf3x.o) (__fp_inf)
/usr/lib/gcc/avr/4.9.2/../../../avr/lib/avr6/libm.a(fp_nan.o)
                              /usr/lib/gcc/avr/4.9.2/../../../avr/lib/avr6/libm.a(addsf3x.o) (__fp_nan)
/usr/lib/gcc/avr/4.9.2/../../../avr/lib/avr6/libm.a(fp_powser.o)
                              /usr/lib/gcc/avr/4.9.2/../../../avr/lib/avr6/libm.a(atan.o) (__fp_powser)
/usr/lib/gcc/avr/4.9.2/../../../avr/lib/avr6/libm.a(fp_pscA.o)
                              /usr/lib/gcc/avr/4.9.2/../../../avr/lib/avr6/libm.a(addsf3x.o) (__fp_pscA)
/usr/lib/gcc/avr/4.9.2/../../../avr/lib/avr6/libm.a(fp_pscB.o)
                              /usr/lib/gcc/avr/4.9.2/../../../avr/lib/avr6/libm.a(addsf3x.o) (__fp_pscB)
/usr/lib/gcc/avr/4.9.2/../../../avr/lib/avr6/libm.a(fp_round.o)
                              /usr/lib/gcc/avr/4.9.2/../../../avr/lib/avr6/libm.a(addsf3.o) (__fp_round)
/usr/lib/gcc/avr/4.9.2/../../../avr/lib/avr6/libm.a(fp_split3.o)
                              /usr/lib/gcc/avr/4.9.2/../../../avr/lib/avr6/libm.a(addsf3x.o) (__fp_split3)
/usr/lib/gcc/avr/4.9.2/../../../avr/lib/avr6/libm.a(fp_zero.o)
                              /usr/lib/gcc/avr/4.9.2/../../../avr/lib/avr6/libm.a(addsf3x.o) (__fp_zero)
/usr/lib/gcc/avr/4.9.2/../../../avr/lib/avr6/libm.a(gesf2.o)
                              ./hooks.o (__gtsf2)
/usr/lib/gcc/avr/4.9.2/../../../avr/lib/avr6/libm.a(inverse.o)
                              /usr/lib/gcc/avr/4.9.2/../../../avr/lib/avr6/libm.a(atan.o) (inverse)
/usr/lib/gcc/avr/4.9.2/../../../avr/lib/avr6/libm.a(mulsf3.o)
                              ./adcs/complementaryFilter.o (__mulsf3)
/usr/lib/gcc/avr/4.9.2/../../../avr/lib/avr6/libm.a(mulsf3x.o)
                              /usr/lib/gcc/avr/4.9.2/../../../avr/lib/avr6/libm.a(atan.o) (__mulsf3x)
/usr/lib/gcc/avr/4.9.2/../../../avr/lib/avr6/libm.a(pow.o)
                              ./adcs/complementaryFilter.o (pow)
/usr/lib/gcc/avr/4.9.2/../../../avr/lib/avr6/libm.a(sqrt.o)
                              ./adcs/complementaryFilter.o (sqrt)
/usr/lib/gcc/avr/4.9.2/../../../avr/lib/avr6/libm.a(square.o)
                              /usr/lib/gcc/avr/4.9.2/../../../avr/lib/avr6/libm.a(atan.o) (square)
/usr/lib/gcc/avr/4.9.2/../../../avr/lib/avr6/libm.a(exp.o)
                              /usr/lib/gcc/avr/4.9.2/../../../avr/lib/avr6/libm.a(pow.o) (exp)
/usr/lib/gcc/avr/4.9.2/../../../avr/lib/avr6/libm.a(fp_mpack.o)
                              /usr/lib/gcc/avr/4.9.2/../../../avr/lib/avr6/libm.a(sqrt.o) (__fp_mpack)
/usr/lib/gcc/avr/4.9.2/../../../avr/lib/avr6/libm.a(fp_norm2.o)
                              /usr/lib/gcc/avr/4.9.2/../../../avr/lib/avr6/libm.a(sqrt.o) (__fp_norm2)
/usr/lib/gcc/avr/4.9.2/../../../avr/lib/avr6/libm.a(ldexp.o)
                              /usr/lib/gcc/avr/4.9.2/../../../avr/lib/avr6/libm.a(exp.o) (ldexp)
/usr/lib/gcc/avr/4.9.2/../../../avr/lib/avr6/libm.a(log.o)
                              /usr/lib/gcc/avr/4.9.2/../../../avr/lib/avr6/libm.a(pow.o) (log)
/usr/lib/gcc/avr/4.9.2/../../../avr/lib/avr6/libm.a(modf.o)
                              /usr/lib/gcc/avr/4.9.2/../../../avr/lib/avr6/libm.a(exp.o) (modf)
/usr/lib/gcc/avr/4.9.2/../../../avr/lib/avr6/libc.a(dtostrf.o)
                              ./uart/uart.o (dtostrf)
/usr/lib/gcc/avr/4.9.2/../../../avr/lib/avr6/libc.a(malloc.o)
                              ./heap_3.o (malloc)
/usr/lib/gcc/avr/4.9.2/../../../avr/lib/avr6/libc.a(atof.o)
                              ./uart/uart.o (atof)
/usr/lib/gcc/avr/4.9.2/../../../avr/lib/avr6/libc.a(atoi.o)
                              ./uart/uart.o (atoi)
/usr/lib/gcc/avr/4.9.2/../../../avr/lib/avr6/libc.a(memcpy.o)
                              ./queue.o (memcpy)
/usr/lib/gcc/avr/4.9.2/../../../avr/lib/avr6/libc.a(memset.o)
                              ./tasks.o (memset)
/usr/lib/gcc/avr/4.9.2/../../../avr/lib/avr6/libc.a(itoa.o)
                              ./uart/uart.o (itoa)
/usr/lib/gcc/avr/4.9.2/../../../avr/lib/avr6/libc.a(itoa_ncheck.o)
                              /usr/lib/gcc/avr/4.9.2/../../../avr/lib/avr6/libc.a(itoa.o) (__itoa_ncheck)
/usr/lib/gcc/avr/4.9.2/../../../avr/lib/avr6/libc.a(ltoa.o)
                              ./uart/uart.o (ltoa)
/usr/lib/gcc/avr/4.9.2/../../../avr/lib/avr6/libc.a(ltoa_ncheck.o)
                              /usr/lib/gcc/avr/4.9.2/../../../avr/lib/avr6/libc.a(ltoa.o) (__ltoa_ncheck)
/usr/lib/gcc/avr/4.9.2/../../../avr/lib/avr6/libc.a(mul10.o)
                              /usr/lib/gcc/avr/4.9.2/../../../avr/lib/avr6/libc.a(atoi.o) (__mulhi_const_10)
/usr/lib/gcc/avr/4.9.2/../../../avr/lib/avr6/libc.a(ultoa_ncheck.o)
                              /usr/lib/gcc/avr/4.9.2/../../../avr/lib/avr6/libc.a(ltoa_ncheck.o) (__ultoa_common)
/usr/lib/gcc/avr/4.9.2/../../../avr/lib/avr6/libc.a(utoa_ncheck.o)
                              /usr/lib/gcc/avr/4.9.2/../../../avr/lib/avr6/libc.a(itoa_ncheck.o) (__utoa_common)
/usr/lib/gcc/avr/4.9.2/../../../avr/lib/avr6/libc.a(dtoa_prf.o)
                              /usr/lib/gcc/avr/4.9.2/../../../avr/lib/avr6/libc.a(dtostrf.o) (dtoa_prf)
/usr/lib/gcc/avr/4.9.2/../../../avr/lib/avr6/libc.a(strtod.o)
                              /usr/lib/gcc/avr/4.9.2/../../../avr/lib/avr6/libc.a(atof.o) (strtod)
/usr/lib/gcc/avr/4.9.2/../../../avr/lib/avr6/libc.a(ftoa_engine.o)
                              /usr/lib/gcc/avr/4.9.2/../../../avr/lib/avr6/libc.a(dtoa_prf.o) (__ftoa_engine)
/usr/lib/gcc/avr/4.9.2/../../../avr/lib/avr6/libc.a(isspace.o)
                              /usr/lib/gcc/avr/4.9.2/../../../avr/lib/avr6/libc.a(strtod.o) (isspace)
/usr/lib/gcc/avr/4.9.2/../../../avr/lib/avr6/libc.a(strncasecmp_P.o)
                              /usr/lib/gcc/avr/4.9.2/../../../avr/lib/avr6/libc.a(strtod.o) (strncasecmp_P)
/usr/lib/gcc/avr/4.9.2/../../../avr/lib/avr6/libc.a(strrev.o)
                              /usr/lib/gcc/avr/4.9.2/../../../avr/lib/avr6/libc.a(ultoa_ncheck.o) (strrev)
/usr/lib/gcc/avr/4.9.2/../../../avr/lib/avr6/libc.a(errno.o)
                              /usr/lib/gcc/avr/4.9.2/../../../avr/lib/avr6/libc.a(strtod.o) (errno)
/usr/lib/gcc/avr/4.9.2/../../../avr/lib/avr6/libc.a(cty_isfalse.o)
                              /usr/lib/gcc/avr/4.9.2/../../../avr/lib/avr6/libc.a(isspace.o) (__ctype_isfalse)
/usr/lib/gcc/avr/4.9.2/avr6/libgcc.a(_muluhisi3.o)
                              /usr/lib/gcc/avr/4.9.2/../../../avr/lib/avr6/libc.a(strtod.o) (__muluhisi3)
/usr/lib/gcc/avr/4.9.2/avr6/libgcc.a(_umulhisi3.o)
                              /usr/lib/gcc/avr/4.9.2/avr6/libgcc.a(_muluhisi3.o) (__umulhisi3)

Allocating common symbols
Common symbol       size              file

errno               0x2               /usr/lib/gcc/avr/4.9.2/../../../avr/lib/avr6/libc.a(errno.o)
temp_buff           0x2               ./adcs/sensor_reader.o
PTX                 0x1               ./comm/nRF24L01.o
__brkval            0x2               /usr/lib/gcc/avr/4.9.2/../../../avr/lib/avr6/libc.a(malloc.o)
buffer              0xe               ./adcs/mpu6050.o
__flp               0x2               /usr/lib/gcc/avr/4.9.2/../../../avr/lib/avr6/libc.a(malloc.o)

Memory Configuration

Name             Origin             Length             Attributes
text             0x0000000000000000 0x0000000000100000 xr
data             0x0000000000800200 0x000000000000fe00 rw !x
eeprom           0x0000000000810000 0x0000000000010000 rw !x
fuse             0x0000000000820000 0x0000000000000400 rw !x
lock             0x0000000000830000 0x0000000000000400 rw !x
signature        0x0000000000840000 0x0000000000000400 rw !x
user_signatures  0x0000000000850000 0x0000000000000400 rw !x
*default*        0x0000000000000000 0xffffffffffffffff

Linker script and memory map

Address of section .data set to 0x800200
LOAD /usr/lib/gcc/avr/4.9.2/../../../avr/lib/avr6/crtatmega2560.o
LOAD ./uart/uart.o
LOAD ./i2c/i2c_master.o
LOAD ./comm/nRF24L01.o
LOAD ./adcs/complementaryFilter.o
LOAD ./adcs/mpu6050.o
LOAD ./adcs/sensor_reader.o
LOAD ./SPI/spi.o
LOAD ./croutine.o
LOAD ./event_groups.o
LOAD ./heap_3.o
LOAD ./hooks.o
LOAD ./list.o
LOAD ./main.o
LOAD ./port.o
LOAD ./queue.o
LOAD ./tasks.o
LOAD ./timers.o
START GROUP
LOAD /usr/lib/gcc/avr/4.9.2/avr6/libgcc.a
LOAD /usr/lib/gcc/avr/4.9.2/../../../avr/lib/avr6/libm.a
LOAD /usr/lib/gcc/avr/4.9.2/../../../avr/lib/avr6/libc.a
LOAD /usr/lib/gcc/avr/4.9.2/../../../avr/lib/avr6/libatmega2560.a
END GROUP

.hash
 *(.hash)

.dynsym
 *(.dynsym)

.dynstr
 *(.dynstr)

.gnu.version
 *(.gnu.version)

.gnu.version_d
 *(.gnu.version_d)

.gnu.version_r
 *(.gnu.version_r)

.rel.init
 *(.rel.init)

.rela.init
 *(.rela.init)

.rel.text
 *(.rel.text)
 *(.rel.text.*)
 *(.rel.gnu.linkonce.t*)

.rela.text
 *(.rela.text)
 *(.rela.text.*)
 *(.rela.gnu.linkonce.t*)

.rel.fini
 *(.rel.fini)

.rela.fini
 *(.rela.fini)

.rel.rodata
 *(.rel.rodata)
 *(.rel.rodata.*)
 *(.rel.gnu.linkonce.r*)

.rela.rodata
 *(.rela.rodata)
 *(.rela.rodata.*)
 *(.rela.gnu.linkonce.r*)

.rel.data
 *(.rel.data)
 *(.rel.data.*)
 *(.rel.gnu.linkonce.d*)

.rela.data
 *(.rela.data)
 *(.rela.data.*)
 *(.rela.gnu.linkonce.d*)

.rel.ctors
 *(.rel.ctors)

.rela.ctors
 *(.rela.ctors)

.rel.dtors
 *(.rel.dtors)

.rela.dtors
 *(.rela.dtors)

.rel.got
 *(.rel.got)

.rela.got
 *(.rela.got)

.rel.bss
 *(.rel.bss)

.rela.bss
 *(.rela.bss)

.rel.plt
 *(.rel.plt)

.rela.plt
 *(.rela.plt)

.text           0x0000000000000000     0x7732
 *(.vectors)
 .vectors       0x0000000000000000       0xe4 /usr/lib/gcc/avr/4.9.2/../../../avr/lib/avr6/crtatmega2560.o
                0x0000000000000000                __vectors
                0x0000000000000000                __vector_default
 *(.vectors)
 *(.progmem.gcc*)
 .progmem.gcc_fplib
                0x00000000000000e4       0x2d /usr/lib/gcc/avr/4.9.2/../../../avr/lib/avr6/libm.a(atan.o)
 .progmem.gcc_fplib
                0x0000000000000111       0x28 /usr/lib/gcc/avr/4.9.2/../../../avr/lib/avr6/libm.a(exp.o)
 .progmem.gcc_fplib
                0x0000000000000139       0x5a /usr/lib/gcc/avr/4.9.2/../../../avr/lib/avr6/libm.a(log.o)
                0x0000000000000194                . = ALIGN (0x2)
 *fill*         0x0000000000000193        0x1 
                0x0000000000000194                __trampolines_start = .
 *(.trampolines)
 .trampolines   0x0000000000000194        0x8 linker stubs
 *(.trampolines*)
                0x000000000000019c                __trampolines_end = .
 *(.progmem*)
 .progmem.data  0x000000000000019c       0x3b /usr/lib/gcc/avr/4.9.2/../../../avr/lib/avr6/libc.a(strtod.o)
 .progmem.data  0x00000000000001d7       0xfa /usr/lib/gcc/avr/4.9.2/../../../avr/lib/avr6/libc.a(ftoa_engine.o)
                0x00000000000002d2                . = ALIGN (0x2)
 *fill*         0x00000000000002d1        0x1 
 *(.jumptables)
 *(.jumptables*)
 *(.lowtext)
 .lowtext       0x00000000000002d2       0x26 ./tasks.o
 *(.lowtext*)
                0x00000000000002f8                __ctors_start = .
 *(.ctors)
                0x00000000000002f8                __ctors_end = .
                0x00000000000002f8                __dtors_start = .
 *(.dtors)
                0x00000000000002f8                __dtors_end = .
 SORT(*)(.ctors)
 SORT(*)(.dtors)
 *(.init0)
 .init0         0x00000000000002f8        0x0 /usr/lib/gcc/avr/4.9.2/../../../avr/lib/avr6/crtatmega2560.o
                0x00000000000002f8                __init
 *(.init0)
 *(.init1)
 *(.init1)
 *(.init2)
 .init2         0x00000000000002f8       0x10 /usr/lib/gcc/avr/4.9.2/../../../avr/lib/avr6/crtatmega2560.o
 *(.init2)
 *(.init3)
 *(.init3)
 *(.init4)
 .init4         0x0000000000000308       0x1a /usr/lib/gcc/avr/4.9.2/avr6/libgcc.a(_copy_data.o)
                0x0000000000000308                __do_copy_data
 .init4         0x0000000000000322       0x10 /usr/lib/gcc/avr/4.9.2/avr6/libgcc.a(_clear_bss.o)
                0x0000000000000322                __do_clear_bss
 *(.init4)
 *(.init5)
 *(.init5)
 *(.init6)
 *(.init6)
 *(.init7)
 *(.init7)
 *(.init8)
 *(.init8)
 *(.init9)
 .init9         0x0000000000000332        0x8 /usr/lib/gcc/avr/4.9.2/../../../avr/lib/avr6/crtatmega2560.o
 *(.init9)
 *(.text)
 .text          0x000000000000033a        0x4 /usr/lib/gcc/avr/4.9.2/../../../avr/lib/avr6/crtatmega2560.o
                0x000000000000033a                __vector_38
                0x000000000000033a                __vector_22
                0x000000000000033a                __vector_28
                0x000000000000033a                __vector_1
                0x000000000000033a                __vector_32
                0x000000000000033a                __vector_34
                0x000000000000033a                __vector_24
                0x000000000000033a                __vector_55
                0x000000000000033a                __vector_46
                0x000000000000033a                __bad_interrupt
                0x000000000000033a                __vector_6
                0x000000000000033a                __vector_31
                0x000000000000033a                __vector_35
                0x000000000000033a                __vector_39
                0x000000000000033a                __vector_3
                0x000000000000033a                __vector_23
                0x000000000000033a                __vector_30
                0x000000000000033a                __vector_45
                0x000000000000033a                __vector_25
                0x000000000000033a                __vector_11
                0x000000000000033a                __vector_54
                0x000000000000033a                __vector_13
                0x000000000000033a                __vector_17
                0x000000000000033a                __vector_19
                0x000000000000033a                __vector_56
                0x000000000000033a                __vector_7
                0x000000000000033a                __vector_49
                0x000000000000033a                __vector_41
                0x000000000000033a                __vector_43
                0x000000000000033a                __vector_27
                0x000000000000033a                __vector_5
                0x000000000000033a                __vector_33
                0x000000000000033a                __vector_47
                0x000000000000033a                __vector_52
                0x000000000000033a                __vector_37
                0x000000000000033a                __vector_4
                0x000000000000033a                __vector_44
                0x000000000000033a                __vector_51
                0x000000000000033a                __vector_9
                0x000000000000033a                __vector_2
                0x000000000000033a                __vector_21
                0x000000000000033a                __vector_15
                0x000000000000033a                __vector_36
                0x000000000000033a                __vector_29
                0x000000000000033a                __vector_40
                0x000000000000033a                __vector_8
                0x000000000000033a                __vector_26
                0x000000000000033a                __vector_48
                0x000000000000033a                __vector_14
                0x000000000000033a                __vector_53
                0x000000000000033a                __vector_10
                0x000000000000033a                __vector_50
                0x000000000000033a                __vector_16
                0x000000000000033a                __vector_18
                0x000000000000033a                __vector_20
                0x000000000000033a                __vector_42
 .text          0x000000000000033e        0x0 ./uart/uart.o
 .text          0x000000000000033e        0x0 ./i2c/i2c_master.o
 .text          0x000000000000033e        0x0 ./comm/nRF24L01.o
 .text          0x000000000000033e        0x0 ./adcs/complementaryFilter.o
 .text          0x000000000000033e        0x0 ./adcs/mpu6050.o
 .text          0x000000000000033e        0x0 ./adcs/sensor_reader.o
 .text          0x000000000000033e        0x0 ./SPI/spi.o
 .text          0x000000000000033e        0x0 ./croutine.o
 .text          0x000000000000033e        0x0 ./event_groups.o
 .text          0x000000000000033e        0x0 ./heap_3.o
 .text          0x000000000000033e        0x0 ./hooks.o
 .text          0x000000000000033e        0x0 ./list.o
 .text          0x000000000000033e        0x0 ./main.o
 .text          0x000000000000033e        0x0 ./port.o
 .text          0x000000000000033e        0x0 ./queue.o
 .text          0x000000000000033e        0x0 ./tasks.o
 .text          0x000000000000033e        0x0 ./timers.o
 .text          0x000000000000033e        0x0 /usr/lib/gcc/avr/4.9.2/avr6/libgcc.a(_exit.o)
 .text          0x000000000000033e        0x0 /usr/lib/gcc/avr/4.9.2/avr6/libgcc.a(_copy_data.o)
 .text          0x000000000000033e        0x0 /usr/lib/gcc/avr/4.9.2/avr6/libgcc.a(_clear_bss.o)
 .text          0x000000000000033e        0x0 /usr/lib/gcc/avr/4.9.2/../../../avr/lib/avr6/libm.a(addsf3.o)
 .text          0x000000000000033e        0x0 /usr/lib/gcc/avr/4.9.2/../../../avr/lib/avr6/libm.a(addsf3x.o)
 .text          0x000000000000033e        0x0 /usr/lib/gcc/avr/4.9.2/../../../avr/lib/avr6/libm.a(atan.o)
 .text          0x000000000000033e        0x0 /usr/lib/gcc/avr/4.9.2/../../../avr/lib/avr6/libm.a(cmpsf2.o)
 .text          0x000000000000033e        0x0 /usr/lib/gcc/avr/4.9.2/../../../avr/lib/avr6/libm.a(divsf3.o)
 .text          0x000000000000033e        0x0 /usr/lib/gcc/avr/4.9.2/../../../avr/lib/avr6/libm.a(divsf3x.o)
 .text          0x000000000000033e        0x0 /usr/lib/gcc/avr/4.9.2/../../../avr/lib/avr6/libm.a(fixunssfsi.o)
 .text          0x000000000000033e        0x0 /usr/lib/gcc/avr/4.9.2/../../../avr/lib/avr6/libm.a(floatsisf.o)
 .text          0x000000000000033e        0x0 /usr/lib/gcc/avr/4.9.2/../../../avr/lib/avr6/libm.a(fp_cmp.o)
 .text          0x000000000000033e        0x0 /usr/lib/gcc/avr/4.9.2/../../../avr/lib/avr6/libm.a(fp_inf.o)
 .text          0x000000000000033e        0x0 /usr/lib/gcc/avr/4.9.2/../../../avr/lib/avr6/libm.a(fp_nan.o)
 .text          0x000000000000033e        0x0 /usr/lib/gcc/avr/4.9.2/../../../avr/lib/avr6/libm.a(fp_powser.o)
 .text          0x000000000000033e        0x0 /usr/lib/gcc/avr/4.9.2/../../../avr/lib/avr6/libm.a(fp_pscA.o)
 .text          0x000000000000033e        0x0 /usr/lib/gcc/avr/4.9.2/../../../avr/lib/avr6/libm.a(fp_pscB.o)
 .text          0x000000000000033e        0x0 /usr/lib/gcc/avr/4.9.2/../../../avr/lib/avr6/libm.a(fp_round.o)
 .text          0x000000000000033e        0x0 /usr/lib/gcc/avr/4.9.2/../../../avr/lib/avr6/libm.a(fp_split3.o)
 .text          0x000000000000033e        0x0 /usr/lib/gcc/avr/4.9.2/../../../avr/lib/avr6/libm.a(fp_zero.o)
 .text          0x000000000000033e        0x0 /usr/lib/gcc/avr/4.9.2/../../../avr/lib/avr6/libm.a(gesf2.o)
 .text          0x000000000000033e        0x0 /usr/lib/gcc/avr/4.9.2/../../../avr/lib/avr6/libm.a(inverse.o)
 .text          0x000000000000033e        0x0 /usr/lib/gcc/avr/4.9.2/../../../avr/lib/avr6/libm.a(mulsf3.o)
 .text          0x000000000000033e        0x0 /usr/lib/gcc/avr/4.9.2/../../../avr/lib/avr6/libm.a(mulsf3x.o)
 .text          0x000000000000033e        0x0 /usr/lib/gcc/avr/4.9.2/../../../avr/lib/avr6/libm.a(pow.o)
 .text          0x000000000000033e        0x0 /usr/lib/gcc/avr/4.9.2/../../../avr/lib/avr6/libm.a(sqrt.o)
 .text          0x000000000000033e        0x0 /usr/lib/gcc/avr/4.9.2/../../../avr/lib/avr6/libm.a(square.o)
 .text          0x000000000000033e        0x0 /usr/lib/gcc/avr/4.9.2/../../../avr/lib/avr6/libm.a(exp.o)
 .text          0x000000000000033e        0x0 /usr/lib/gcc/avr/4.9.2/../../../avr/lib/avr6/libm.a(fp_mpack.o)
 .text          0x000000000000033e        0x0 /usr/lib/gcc/avr/4.9.2/../../../avr/lib/avr6/libm.a(fp_norm2.o)
 .text          0x000000000000033e        0x0 /usr/lib/gcc/avr/4.9.2/../../../avr/lib/avr6/libm.a(ldexp.o)
 .text          0x000000000000033e        0x0 /usr/lib/gcc/avr/4.9.2/../../../avr/lib/avr6/libm.a(log.o)
 .text          0x000000000000033e        0x0 /usr/lib/gcc/avr/4.9.2/../../../avr/lib/avr6/libm.a(modf.o)
 .text          0x000000000000033e        0x0 /usr/lib/gcc/avr/4.9.2/../../../avr/lib/avr6/libc.a(dtostrf.o)
 .text          0x000000000000033e        0x0 /usr/lib/gcc/avr/4.9.2/../../../avr/lib/avr6/libc.a(malloc.o)
 .text          0x000000000000033e        0x0 /usr/lib/gcc/avr/4.9.2/../../../avr/lib/avr6/libc.a(atof.o)
 .text          0x000000000000033e        0x0 /usr/lib/gcc/avr/4.9.2/../../../avr/lib/avr6/libc.a(atoi.o)
 .text          0x000000000000033e        0x0 /usr/lib/gcc/avr/4.9.2/../../../avr/lib/avr6/libc.a(memcpy.o)
 .text          0x000000000000033e        0x0 /usr/lib/gcc/avr/4.9.2/../../../avr/lib/avr6/libc.a(memset.o)
 .text          0x000000000000033e        0x0 /usr/lib/gcc/avr/4.9.2/../../../avr/lib/avr6/libc.a(itoa.o)
 .text          0x000000000000033e        0x0 /usr/lib/gcc/avr/4.9.2/../../../avr/lib/avr6/libc.a(itoa_ncheck.o)
 .text          0x000000000000033e        0x0 /usr/lib/gcc/avr/4.9.2/../../../avr/lib/avr6/libc.a(ltoa.o)
 .text          0x000000000000033e        0x0 /usr/lib/gcc/avr/4.9.2/../../../avr/lib/avr6/libc.a(ltoa_ncheck.o)
 .text          0x000000000000033e        0x0 /usr/lib/gcc/avr/4.9.2/../../../avr/lib/avr6/libc.a(mul10.o)
 .text          0x000000000000033e        0x0 /usr/lib/gcc/avr/4.9.2/../../../avr/lib/avr6/libc.a(ultoa_ncheck.o)
 .text          0x000000000000033e        0x0 /usr/lib/gcc/avr/4.9.2/../../../avr/lib/avr6/libc.a(utoa_ncheck.o)
 .text          0x000000000000033e        0x0 /usr/lib/gcc/avr/4.9.2/../../../avr/lib/avr6/libc.a(dtoa_prf.o)
 .text          0x000000000000033e        0x0 /usr/lib/gcc/avr/4.9.2/../../../avr/lib/avr6/libc.a(strtod.o)
 .text          0x000000000000033e        0x0 /usr/lib/gcc/avr/4.9.2/../../../avr/lib/avr6/libc.a(ftoa_engine.o)
 .text          0x000000000000033e        0x0 /usr/lib/gcc/avr/4.9.2/../../../avr/lib/avr6/libc.a(isspace.o)
 .text          0x000000000000033e        0x0 /usr/lib/gcc/avr/4.9.2/../../../avr/lib/avr6/libc.a(strncasecmp_P.o)
 .text          0x000000000000033e        0x0 /usr/lib/gcc/avr/4.9.2/../../../avr/lib/avr6/libc.a(strrev.o)
 .text          0x000000000000033e        0x0 /usr/lib/gcc/avr/4.9.2/../../../avr/lib/avr6/libc.a(errno.o)
 .text          0x000000000000033e        0x0 /usr/lib/gcc/avr/4.9.2/../../../avr/lib/avr6/libc.a(cty_isfalse.o)
 .text          0x000000000000033e        0x0 /usr/lib/gcc/avr/4.9.2/avr6/libgcc.a(_muluhisi3.o)
 .text          0x000000000000033e        0x0 /usr/lib/gcc/avr/4.9.2/avr6/libgcc.a(_umulhisi3.o)
                0x000000000000033e                . = ALIGN (0x2)
 *(.text.*)
 .text.usart_init
                0x000000000000033e       0x42 ./uart/uart.o
                0x000000000000033e                usart_init
 .text.put_char
                0x0000000000000380       0x3e ./uart/uart.o
                0x0000000000000380                put_char
 .text.put_string
                0x00000000000003be       0x42 ./uart/uart.o
                0x00000000000003be                put_string
 .text.put_int  0x0000000000000400       0x46 ./uart/uart.o
                0x0000000000000400                put_int
 .text.put_long
                0x0000000000000446       0x50 ./uart/uart.o
                0x0000000000000446                put_long
 .text.put_float
                0x0000000000000496       0x5a ./uart/uart.o
                0x0000000000000496                put_float
 .text.get_char
                0x00000000000004f0       0x38 ./uart/uart.o
                0x00000000000004f0                get_char
 .text.get_float
                0x0000000000000528       0x9e ./uart/uart.o
                0x0000000000000528                get_float
 .text.get_int  0x00000000000005c6       0x86 ./uart/uart.o
                0x00000000000005c6                get_int
 .text.i2c_init
                0x000000000000064c       0x20 ./i2c/i2c_master.o
                0x000000000000064c                i2c_init
 .text.i2c_start
                0x000000000000066c      0x12c ./i2c/i2c_master.o
                0x000000000000066c                i2c_start
 .text.i2c_start_wait
                0x0000000000000798      0x156 ./i2c/i2c_master.o
                0x0000000000000798                i2c_start_wait
 .text.i2c_rep_start
                0x00000000000008ee       0x1a ./i2c/i2c_master.o
                0x00000000000008ee                i2c_rep_start
 .text.i2c_stop
                0x0000000000000908       0x76 ./i2c/i2c_master.o
                0x0000000000000908                i2c_stop
 .text.i2c_write
                0x000000000000097e       0xaa ./i2c/i2c_master.o
                0x000000000000097e                i2c_write
 .text.i2c_readAck
                0x0000000000000a28       0x8a ./i2c/i2c_master.o
                0x0000000000000a28                i2c_readAck
 .text.i2c_readNak
                0x0000000000000ab2       0x8a ./i2c/i2c_master.o
                0x0000000000000ab2                i2c_readNak
 .text.rf_int   0x0000000000000b3c       0x7e ./comm/nRF24L01.o
                0x0000000000000b3c                rf_int
 .text.rf_w_config_register
                0x0000000000000bba       0x4e ./comm/nRF24L01.o
                0x0000000000000bba                rf_w_config_register
 .text.rf_config
                0x0000000000000c08       0x3c ./comm/nRF24L01.o
                0x0000000000000c08                rf_config
 .text.rf_write_register
                0x0000000000000c44       0x5a ./comm/nRF24L01.o
                0x0000000000000c44                rf_write_register
 .text.rf_read_register
                0x0000000000000c9e       0x5e ./comm/nRF24L01.o
                0x0000000000000c9e                rf_read_register
 .text.set_RADDR
                0x0000000000000cfc       0x4c ./comm/nRF24L01.o
                0x0000000000000cfc                set_RADDR
 .text.set_TADDR
                0x0000000000000d48       0x28 ./comm/nRF24L01.o
                0x0000000000000d48                set_TADDR
 .text.rf_data_ready
                0x0000000000000d70       0x4e ./comm/nRF24L01.o
                0x0000000000000d70                rf_data_ready
 .text.rf_get_data
                0x0000000000000dbe       0x5c ./comm/nRF24L01.o
                0x0000000000000dbe                rf_get_data
 .text.calcAnglAccel
                0x0000000000000e1a      0x1d2 ./adcs/complementaryFilter.o
                0x0000000000000e1a                calcAnglAccel
 .text.getRollPitch
                0x0000000000000fec      0x17a ./adcs/complementaryFilter.o
                0x0000000000000fec                getRollPitch
 .text.mpu6050_readBytes
                0x0000000000001166       0xae ./adcs/mpu6050.o
                0x0000000000001166                mpu6050_readBytes
 .text.mpu6050_readByte
                0x0000000000001214       0x2a ./adcs/mpu6050.o
                0x0000000000001214                mpu6050_readByte
 .text.mpu6050_writeBytes
                0x000000000000123e       0x64 ./adcs/mpu6050.o
                0x000000000000123e                mpu6050_writeBytes
 .text.mpu6050_writeByte
                0x00000000000012a2       0x2a ./adcs/mpu6050.o
                0x00000000000012a2                mpu6050_writeByte
 .text.mpu6050_readBits
                0x00000000000012cc       0xc6 ./adcs/mpu6050.o
                0x00000000000012cc                mpu6050_readBits
 .text.mpu6050_readBit
                0x0000000000001392       0x5a ./adcs/mpu6050.o
                0x0000000000001392                mpu6050_readBit
 .text.mpu6050_writeBits
                0x00000000000013ec       0xca ./adcs/mpu6050.o
                0x00000000000013ec                mpu6050_writeBits
 .text.mpu6050_writeBit
                0x00000000000014b6       0x74 ./adcs/mpu6050.o
                0x00000000000014b6                mpu6050_writeBit
 .text.mpu6050_getRawData
                0x000000000000152a      0x126 ./adcs/mpu6050.o
                0x000000000000152a                mpu6050_getRawData
 .text.mpu6050_getConvData
                0x0000000000001650      0x1f0 ./adcs/mpu6050.o
                0x0000000000001650                mpu6050_getConvData
 .text.mpu6050_init
                0x0000000000001840       0x46 ./adcs/mpu6050.o
                0x0000000000001840                mpu6050_init
 .text.mpu6050_setSleepDisabled
                0x0000000000001886       0x18 ./adcs/mpu6050.o
                0x0000000000001886                mpu6050_setSleepDisabled
 .text.readBytesFromMPU6050
                0x000000000000189e       0xae ./adcs/sensor_reader.o
                0x000000000000189e                readBytesFromMPU6050
 .text.getConvData
                0x000000000000194c      0x12a ./adcs/sensor_reader.o
                0x000000000000194c                getConvData
 .text.getTemperature
                0x0000000000001a76       0x88 ./adcs/sensor_reader.o
                0x0000000000001a76                getTemperature
 .text.getAttitudeData
                0x0000000000001afe      0x1ce ./adcs/sensor_reader.o
                0x0000000000001afe                getAttitudeData
 .text.init_spi
                0x0000000000001ccc       0x22 ./SPI/spi.o
                0x0000000000001ccc                init_spi
 .text.spi_tranceiver
                0x0000000000001cee       0x34 ./SPI/spi.o
                0x0000000000001cee                spi_tranceiver
 .text.spi_transfer
                0x0000000000001d22       0x8e ./SPI/spi.o
                0x0000000000001d22                spi_transfer
 .text.spi_send
                0x0000000000001db0       0x6a ./SPI/spi.o
                0x0000000000001db0                spi_send
 .text.xEventGroupCreate
                0x0000000000001e1a       0x42 ./event_groups.o
                0x0000000000001e1a                xEventGroupCreate
 .text.xEventGroupSync
                0x0000000000001e5c      0x176 ./event_groups.o
                0x0000000000001e5c                xEventGroupSync
 .text.xEventGroupWaitBits
                0x0000000000001fd2      0x18c ./event_groups.o
                0x0000000000001fd2                xEventGroupWaitBits
 .text.xEventGroupClearBits
                0x000000000000215e       0x72 ./event_groups.o
                0x000000000000215e                xEventGroupClearBits
 .text.xEventGroupGetBitsFromISR
                0x00000000000021d0       0x46 ./event_groups.o
                0x00000000000021d0                xEventGroupGetBitsFromISR
 .text.xEventGroupSetBits
                0x0000000000002216      0x17a ./event_groups.o
                0x0000000000002216                xEventGroupSetBits
 .text.vEventGroupDelete
                0x0000000000002390       0x64 ./event_groups.o
                0x0000000000002390                vEventGroupDelete
 .text.vEventGroupSetBitsCallback
                0x00000000000023f4       0x38 ./event_groups.o
                0x00000000000023f4                vEventGroupSetBitsCallback
 .text.vEventGroupClearBitsCallback
                0x000000000000242c       0x38 ./event_groups.o
                0x000000000000242c                vEventGroupClearBitsCallback
 .text.prvTestWaitCondition
                0x0000000000002464       0x62 ./event_groups.o
 .text.pvPortMalloc
                0x00000000000024c6       0x42 ./heap_3.o
                0x00000000000024c6                pvPortMalloc
 .text.vPortFree
                0x0000000000002508       0x32 ./heap_3.o
                0x0000000000002508                vPortFree
 .text.vApplicationIdleHook
                0x000000000000253a       0x92 ./hooks.o
                0x000000000000253a                vApplicationIdleHook
 .text.vApplicationMallocFailedHook
                0x00000000000025cc      0x130 ./hooks.o
                0x00000000000025cc                vApplicationMallocFailedHook
 .text.vApplicationStackOverflowHook
                0x00000000000026fc      0x138 ./hooks.o
                0x00000000000026fc                vApplicationStackOverflowHook
 .text.vListInitialise
                0x0000000000002834       0x6c ./list.o
                0x0000000000002834                vListInitialise
 .text.vListInitialiseItem
                0x00000000000028a0       0x24 ./list.o
                0x00000000000028a0                vListInitialiseItem
 .text.vListInsertEnd
                0x00000000000028c4       0x9a ./list.o
                0x00000000000028c4                vListInsertEnd
 .text.vListInsert
                0x000000000000295e       0xee ./list.o
                0x000000000000295e                vListInsert
 .text.uxListRemove
                0x0000000000002a4c       0xae ./list.o
                0x0000000000002a4c                uxListRemove
 .text.main     0x0000000000002afa       0x34 ./main.o
                0x0000000000002afa                main
 .text.Led      0x0000000000002b2e       0x88 ./main.o
 .text.LecturaMPU6050
                0x0000000000002bb6       0xae ./main.o
 .text.pxPortInitialiseStack
                0x0000000000002c64      0x388 ./port.o
                0x0000000000002c64                pxPortInitialiseStack
 .text.xPortStartScheduler
                0x0000000000002fec       0x72 ./port.o
                0x0000000000002fec                xPortStartScheduler
 .text.vPortEndScheduler
                0x000000000000305e       0x24 ./port.o
                0x000000000000305e                vPortEndScheduler
 .text.vPortYield
                0x0000000000003082       0xc2 ./port.o
                0x0000000000003082                vPortYield
 .text.vPortYieldFromTick
                0x0000000000003144       0xca ./port.o
                0x0000000000003144                vPortYieldFromTick
 .text.prvSetupTimerInterrupt
                0x000000000000320e       0x26 ./port.o
 .text.__vector_12
                0x0000000000003234        0x6 ./port.o
                0x0000000000003234                __vector_12
 .text.xQueueGenericReset
                0x000000000000323a      0x128 ./queue.o
                0x000000000000323a                xQueueGenericReset
 .text.xQueueGenericCreate
                0x0000000000003362       0xc8 ./queue.o
                0x0000000000003362                xQueueGenericCreate
 .text.xQueueCreateMutex
                0x000000000000342a       0xa6 ./queue.o
                0x000000000000342a                xQueueCreateMutex
 .text.xQueueGenericSend
                0x00000000000034d0      0x164 ./queue.o
                0x00000000000034d0                xQueueGenericSend
 .text.xQueueGive
                0x0000000000003634      0x184 ./queue.o
                0x0000000000003634                xQueueGive
 .text.xQueueGenericSendFromISR
                0x00000000000037b8       0xc0 ./queue.o
                0x00000000000037b8                xQueueGenericSendFromISR
 .text.xQueueGiveFromISR
                0x0000000000003878       0xb8 ./queue.o
                0x0000000000003878                xQueueGiveFromISR
 .text.xQueueGenericReceive
                0x0000000000003930      0x1e2 ./queue.o
                0x0000000000003930                xQueueGenericReceive
 .text.xQueueReceiveFromISR
                0x0000000000003b12       0xc2 ./queue.o
                0x0000000000003b12                xQueueReceiveFromISR
 .text.xQueuePeekFromISR
                0x0000000000003bd4       0x78 ./queue.o
                0x0000000000003bd4                xQueuePeekFromISR
 .text.uxQueueMessagesWaiting
                0x0000000000003c4c       0x30 ./queue.o
                0x0000000000003c4c                uxQueueMessagesWaiting
 .text.uxQueueSpacesAvailable
                0x0000000000003c7c       0x4e ./queue.o
                0x0000000000003c7c                uxQueueSpacesAvailable
 .text.uxQueueMessagesWaitingFromISR
                0x0000000000003cca       0x26 ./queue.o
                0x0000000000003cca                uxQueueMessagesWaitingFromISR
 .text.vQueueDelete
                0x0000000000003cf0       0x2e ./queue.o
                0x0000000000003cf0                vQueueDelete
 .text.prvCopyDataToQueue
                0x0000000000003d1e      0x1a8 ./queue.o
 .text.prvCopyDataFromQueue
                0x0000000000003ec6       0xa0 ./queue.o
 .text.prvUnlockQueue
                0x0000000000003f66       0xca ./queue.o
 .text.prvIsQueueEmpty
                0x0000000000004030       0x3a ./queue.o
 .text.xQueueIsQueueEmptyFromISR
                0x000000000000406a       0x30 ./queue.o
                0x000000000000406a                xQueueIsQueueEmptyFromISR
 .text.prvIsQueueFull
                0x000000000000409a       0x42 ./queue.o
 .text.xQueueIsQueueFullFromISR
                0x00000000000040dc       0x38 ./queue.o
                0x00000000000040dc                xQueueIsQueueFullFromISR
 .text.xTaskGenericCreate
                0x0000000000004114      0x1cc ./tasks.o
                0x0000000000004114                xTaskGenericCreate
 .text.vTaskDelete
                0x00000000000042e0       0xb6 ./tasks.o
                0x00000000000042e0                vTaskDelete
 .text.vTaskDelayUntil
                0x0000000000004396       0xf2 ./tasks.o
                0x0000000000004396                vTaskDelayUntil
 .text.vTaskDelay
                0x0000000000004488       0x6a ./tasks.o
                0x0000000000004488                vTaskDelay
 .text.uxTaskPriorityGet
                0x00000000000044f2       0x52 ./tasks.o
                0x00000000000044f2                uxTaskPriorityGet
 .text.uxTaskPriorityGetFromISR
                0x0000000000004544       0x4a ./tasks.o
                0x0000000000004544                uxTaskPriorityGetFromISR
 .text.vTaskPrioritySet
                0x000000000000458e      0x19e ./tasks.o
                0x000000000000458e                vTaskPrioritySet
 .text.vTaskSuspend
                0x000000000000472c       0xc6 ./tasks.o
                0x000000000000472c                vTaskSuspend
 .text.prvTaskIsTaskSuspended
                0x00000000000047f2       0x60 ./tasks.o
 .text.vTaskResume
                0x0000000000004852       0xce ./tasks.o
                0x0000000000004852                vTaskResume
 .text.xTaskResumeFromISR
                0x0000000000004920       0xcc ./tasks.o
                0x0000000000004920                xTaskResumeFromISR
 .text.vTaskStartScheduler
                0x00000000000049ec       0x78 ./tasks.o
                0x00000000000049ec                vTaskStartScheduler
 .text.vTaskEndScheduler
                0x0000000000004a64       0x1a ./tasks.o
                0x0000000000004a64                vTaskEndScheduler
 .text.vTaskSuspendAll
                0x0000000000004a7e       0x18 ./tasks.o
                0x0000000000004a7e                vTaskSuspendAll
 .text.xTaskResumeAll
                0x0000000000004a96      0x11a ./tasks.o
                0x0000000000004a96                xTaskResumeAll
 .text.xTaskGetTickCount
                0x0000000000004bb0       0x30 ./tasks.o
                0x0000000000004bb0                xTaskGetTickCount
 .text.xTaskGetTickCountFromISR
                0x0000000000004be0       0x28 ./tasks.o
                0x0000000000004be0                xTaskGetTickCountFromISR
 .text.uxTaskGetNumberOfTasks
                0x0000000000004c08       0x12 ./tasks.o
                0x0000000000004c08                uxTaskGetNumberOfTasks
 .text.xTaskIncrementTick
                0x0000000000004c1a      0x1dc ./tasks.o
                0x0000000000004c1a                xTaskIncrementTick
 .text.vTaskSwitchContext
                0x0000000000004df6      0x11e ./tasks.o
                0x0000000000004df6                vTaskSwitchContext
 .text.vTaskPlaceOnEventList
                0x0000000000004f14       0x86 ./tasks.o
                0x0000000000004f14                vTaskPlaceOnEventList
 .text.vTaskPlaceOnUnorderedEventList
                0x0000000000004f9a       0xa6 ./tasks.o
                0x0000000000004f9a                vTaskPlaceOnUnorderedEventList
 .text.xTaskRemoveFromEventList
                0x0000000000005040       0xda ./tasks.o
                0x0000000000005040                xTaskRemoveFromEventList
 .text.xTaskRemoveFromUnorderedEventList
                0x000000000000511a       0xd6 ./tasks.o
                0x000000000000511a                xTaskRemoveFromUnorderedEventList
 .text.vTaskSetTimeOutState
                0x00000000000051f0       0x38 ./tasks.o
                0x00000000000051f0                vTaskSetTimeOutState
 .text.xTaskCheckForTimeOut
                0x0000000000005228       0xe2 ./tasks.o
                0x0000000000005228                xTaskCheckForTimeOut
 .text.vTaskMissedYield
                0x000000000000530a       0x14 ./tasks.o
                0x000000000000530a                vTaskMissedYield
 .text.prvInitialiseTCBVariables
                0x000000000000531e      0x11a ./tasks.o
 .text.prvInitialiseTaskLists
                0x0000000000005438       0x82 ./tasks.o
 .text.prvCheckTasksWaitingTermination
                0x00000000000054ba       0x7e ./tasks.o
 .text.prvAddCurrentTaskToDelayedList
                0x0000000000005538       0x96 ./tasks.o
 .text.prvAllocateTCBAndStack
                0x00000000000055ce       0xa6 ./tasks.o
 .text.prvTaskCheckFreeStackSpace
                0x0000000000005674       0x5c ./tasks.o
 .text.uxTaskGetStackHighWaterMark
                0x00000000000056d0       0x5e ./tasks.o
                0x00000000000056d0                uxTaskGetStackHighWaterMark
 .text.prvDeleteTCB
                0x000000000000572e       0x30 ./tasks.o
 .text.prvResetNextTaskUnblockTime
                0x000000000000575e       0x5e ./tasks.o
 .text.xTaskGetCurrentTaskHandle
                0x00000000000057bc       0x26 ./tasks.o
                0x00000000000057bc                xTaskGetCurrentTaskHandle
 .text.vTaskPriorityInherit
                0x00000000000057e2      0x12e ./tasks.o
                0x00000000000057e2                vTaskPriorityInherit
 .text.xTaskPriorityDisinherit
                0x0000000000005910       0xfa ./tasks.o
                0x0000000000005910                xTaskPriorityDisinherit
 .text.uxTaskResetEventItemValue
                0x0000000000005a0a       0x56 ./tasks.o
                0x0000000000005a0a                uxTaskResetEventItemValue
 .text.pvTaskIncrementMutexHeldCount
                0x0000000000005a60       0x34 ./tasks.o
                0x0000000000005a60                pvTaskIncrementMutexHeldCount
 .text.ulTaskNotifyTake
                0x0000000000005a94      0x13a ./tasks.o
                0x0000000000005a94                ulTaskNotifyTake
 .text.xTaskNotifyWait
                0x0000000000005bce      0x18c ./tasks.o
                0x0000000000005bce                xTaskNotifyWait
 .text.xTaskGenericNotify
                0x0000000000005d5a      0x1c2 ./tasks.o
                0x0000000000005d5a                xTaskGenericNotify
 .text.xTaskGenericNotifyFromISR
                0x0000000000005f1c      0x1f0 ./tasks.o
                0x0000000000005f1c                xTaskGenericNotifyFromISR
 .text.vTaskNotifyGiveFromISR
                0x000000000000610c      0x112 ./tasks.o
                0x000000000000610c                vTaskNotifyGiveFromISR
 .text.xTaskNotifyStateClear
                0x000000000000621e       0x6c ./tasks.o
                0x000000000000621e                xTaskNotifyStateClear
 .text.libgcc.mul
                0x000000000000628a        0x0 /usr/lib/gcc/avr/4.9.2/avr6/libgcc.a(_exit.o)
 .text.libgcc.div
                0x000000000000628a        0x0 /usr/lib/gcc/avr/4.9.2/avr6/libgcc.a(_exit.o)
 .text.libgcc   0x000000000000628a        0x0 /usr/lib/gcc/avr/4.9.2/avr6/libgcc.a(_exit.o)
 .text.libgcc.prologue
                0x000000000000628a        0x0 /usr/lib/gcc/avr/4.9.2/avr6/libgcc.a(_exit.o)
 .text.libgcc.builtins
                0x000000000000628a        0x0 /usr/lib/gcc/avr/4.9.2/avr6/libgcc.a(_exit.o)
 .text.libgcc.fmul
                0x000000000000628a        0x0 /usr/lib/gcc/avr/4.9.2/avr6/libgcc.a(_exit.o)
 .text.libgcc.fixed
                0x000000000000628a        0x0 /usr/lib/gcc/avr/4.9.2/avr6/libgcc.a(_exit.o)
 .text.libgcc.mul
                0x000000000000628a        0x0 /usr/lib/gcc/avr/4.9.2/avr6/libgcc.a(_copy_data.o)
 .text.libgcc.div
                0x000000000000628a        0x0 /usr/lib/gcc/avr/4.9.2/avr6/libgcc.a(_copy_data.o)
 .text.libgcc   0x000000000000628a        0x0 /usr/lib/gcc/avr/4.9.2/avr6/libgcc.a(_copy_data.o)
 .text.libgcc.prologue
                0x000000000000628a        0x0 /usr/lib/gcc/avr/4.9.2/avr6/libgcc.a(_copy_data.o)
 .text.libgcc.builtins
                0x000000000000628a        0x0 /usr/lib/gcc/avr/4.9.2/avr6/libgcc.a(_copy_data.o)
 .text.libgcc.fmul
                0x000000000000628a        0x0 /usr/lib/gcc/avr/4.9.2/avr6/libgcc.a(_copy_data.o)
 .text.libgcc.fixed
                0x000000000000628a        0x0 /usr/lib/gcc/avr/4.9.2/avr6/libgcc.a(_copy_data.o)
 .text.libgcc.mul
                0x000000000000628a        0x0 /usr/lib/gcc/avr/4.9.2/avr6/libgcc.a(_clear_bss.o)
 .text.libgcc.div
                0x000000000000628a        0x0 /usr/lib/gcc/avr/4.9.2/avr6/libgcc.a(_clear_bss.o)
 .text.libgcc   0x000000000000628a        0x0 /usr/lib/gcc/avr/4.9.2/avr6/libgcc.a(_clear_bss.o)
 .text.libgcc.prologue
                0x000000000000628a        0x0 /usr/lib/gcc/avr/4.9.2/avr6/libgcc.a(_clear_bss.o)
 .text.libgcc.builtins
                0x000000000000628a        0x0 /usr/lib/gcc/avr/4.9.2/avr6/libgcc.a(_clear_bss.o)
 .text.libgcc.fmul
                0x000000000000628a        0x0 /usr/lib/gcc/avr/4.9.2/avr6/libgcc.a(_clear_bss.o)
 .text.libgcc.fixed
                0x000000000000628a        0x0 /usr/lib/gcc/avr/4.9.2/avr6/libgcc.a(_clear_bss.o)
 .text.avr-libc.fplib
                0x000000000000628a        0xe /usr/lib/gcc/avr/4.9.2/../../../avr/lib/avr6/libm.a(addsf3.o)
                0x000000000000628a                __subsf3
                0x000000000000628c                __addsf3
 .text.avr-libc.fplib
                0x0000000000006298       0xcc /usr/lib/gcc/avr/4.9.2/../../../avr/lib/avr6/libm.a(addsf3x.o)
                0x00000000000062ba                __addsf3x
 .text.avr-libc.fplib
                0x0000000000006364       0x5e /usr/lib/gcc/avr/4.9.2/../../../avr/lib/avr6/libm.a(atan.o)
                0x0000000000006364                atan
 .text.avr-libc.fplib
                0x00000000000063c2        0xa /usr/lib/gcc/avr/4.9.2/../../../avr/lib/avr6/libm.a(cmpsf2.o)
                0x00000000000063c2                __lesf2
                0x00000000000063c2                __nesf2
                0x00000000000063c2                __eqsf2
                0x00000000000063c2                __cmpsf2
                0x00000000000063c2                __ltsf2
 .text.avr-libc.fplib
                0x00000000000063cc        0x8 /usr/lib/gcc/avr/4.9.2/../../../avr/lib/avr6/libm.a(divsf3.o)
                0x00000000000063cc                __divsf3
 .text.avr-libc.fplib
                0x00000000000063d4       0xdc /usr/lib/gcc/avr/4.9.2/../../../avr/lib/avr6/libm.a(divsf3x.o)
                0x00000000000063f4                __divsf3x
                0x00000000000063fa                __divsf3_pse
 .text.avr-libc.fplib
                0x00000000000064b0       0x5e /usr/lib/gcc/avr/4.9.2/../../../avr/lib/avr6/libm.a(fixunssfsi.o)
                0x00000000000064b0                __fixunssfsi
 .text.avr-libc.fplib
                0x000000000000650e       0x7a /usr/lib/gcc/avr/4.9.2/../../../avr/lib/avr6/libm.a(floatsisf.o)
                0x000000000000650e                __floatunsisf
                0x0000000000006512                __floatsisf
 .text.avr-libc.fplib
                0x0000000000006588       0x48 /usr/lib/gcc/avr/4.9.2/../../../avr/lib/avr6/libm.a(fp_cmp.o)
                0x0000000000006588                __fp_cmp
 .text.avr-libc.fplib
                0x00000000000065d0        0xc /usr/lib/gcc/avr/4.9.2/../../../avr/lib/avr6/libm.a(fp_inf.o)
                0x00000000000065d0                __fp_inf
 .text.avr-libc.fplib
                0x00000000000065dc        0x6 /usr/lib/gcc/avr/4.9.2/../../../avr/lib/avr6/libm.a(fp_nan.o)
                0x00000000000065dc                __fp_nan
 .text.avr-libc.fplib
                0x00000000000065e2       0x4e /usr/lib/gcc/avr/4.9.2/../../../avr/lib/avr6/libm.a(fp_powser.o)
                0x00000000000065e2                __fp_powser
 .text.avr-libc.fplib
                0x0000000000006630        0xe /usr/lib/gcc/avr/4.9.2/../../../avr/lib/avr6/libm.a(fp_pscA.o)
                0x0000000000006630                __fp_pscA
 .text.avr-libc.fplib
                0x000000000000663e        0xe /usr/lib/gcc/avr/4.9.2/../../../avr/lib/avr6/libm.a(fp_pscB.o)
                0x000000000000663e                __fp_pscB
 .text.avr-libc.fplib
                0x000000000000664c       0x22 /usr/lib/gcc/avr/4.9.2/../../../avr/lib/avr6/libm.a(fp_round.o)
                0x000000000000664c                __fp_round
 .text.avr-libc.fplib
                0x000000000000666e       0x44 /usr/lib/gcc/avr/4.9.2/../../../avr/lib/avr6/libm.a(fp_split3.o)
                0x000000000000666e                __fp_split3
                0x000000000000667e                __fp_splitA
 .text.avr-libc.fplib
                0x00000000000066b2        0xe /usr/lib/gcc/avr/4.9.2/../../../avr/lib/avr6/libm.a(fp_zero.o)
                0x00000000000066b2                __fp_zero
                0x00000000000066b4                __fp_szero
 .text.avr-libc.fplib
                0x00000000000066c0        0xa /usr/lib/gcc/avr/4.9.2/../../../avr/lib/avr6/libm.a(gesf2.o)
                0x00000000000066c0                __gtsf2
                0x00000000000066c0                __gesf2
 .text.avr-libc.fplib
                0x00000000000066ca       0x10 /usr/lib/gcc/avr/4.9.2/../../../avr/lib/avr6/libm.a(inverse.o)
                0x00000000000066ca                inverse
 .text.avr-libc.fplib
                0x00000000000066da        0x8 /usr/lib/gcc/avr/4.9.2/../../../avr/lib/avr6/libm.a(mulsf3.o)
                0x00000000000066da                __mulsf3
 .text.avr-libc.fplib
                0x00000000000066e2       0xd2 /usr/lib/gcc/avr/4.9.2/../../../avr/lib/avr6/libm.a(mulsf3x.o)
                0x0000000000006700                __mulsf3x
                0x0000000000006706                __mulsf3_pse
 .text.avr-libc.fplib
                0x00000000000067b4       0xa0 /usr/lib/gcc/avr/4.9.2/../../../avr/lib/avr6/libm.a(pow.o)
                0x00000000000067b4                pow
 .text.avr-libc.fplib
                0x0000000000006854       0x8c /usr/lib/gcc/avr/4.9.2/../../../avr/lib/avr6/libm.a(sqrt.o)
                0x0000000000006860                sqrt
                0x0000000000006860                sqrtf
 .text.avr-libc.fplib
                0x00000000000068e0        0x8 /usr/lib/gcc/avr/4.9.2/../../../avr/lib/avr6/libm.a(square.o)
                0x00000000000068e0                square
 .text.avr-libc.fplib
                0x00000000000068e8       0x74 /usr/lib/gcc/avr/4.9.2/../../../avr/lib/avr6/libm.a(exp.o)
                0x00000000000068f8                exp
 .text.avr-libc.fplib
                0x000000000000695c       0x1c /usr/lib/gcc/avr/4.9.2/../../../avr/lib/avr6/libm.a(fp_mpack.o)
                0x000000000000695c                __fp_mpack
                0x0000000000006960                __fp_mpack_finite
 .text.avr-libc.fplib
                0x0000000000006978        0xe /usr/lib/gcc/avr/4.9.2/../../../avr/lib/avr6/libm.a(fp_norm2.o)
                0x0000000000006978                __fp_norm2
 .text.avr-libc.fplib
                0x0000000000006986       0x74 /usr/lib/gcc/avr/4.9.2/../../../avr/lib/avr6/libm.a(ldexp.o)
                0x000000000000698e                ldexp
 .text.avr-libc.fplib
                0x00000000000069fa       0xa0 /usr/lib/gcc/avr/4.9.2/../../../avr/lib/avr6/libm.a(log.o)
                0x0000000000006a0a                log
 .text.avr-libc.fplib
                0x0000000000006a9a       0x68 /usr/lib/gcc/avr/4.9.2/../../../avr/lib/avr6/libm.a(modf.o)
                0x0000000000006a9a                modff
                0x0000000000006a9a                modf
 .text.avr-libc
                0x0000000000006b02       0x40 /usr/lib/gcc/avr/4.9.2/../../../avr/lib/avr6/libc.a(dtostrf.o)
                0x0000000000006b02                dtostrf
 .text.avr-libc
                0x0000000000006b42      0x25a /usr/lib/gcc/avr/4.9.2/../../../avr/lib/avr6/libc.a(malloc.o)
                0x0000000000006b42                malloc
                0x0000000000006c6c                free
 .text.avr-libc
                0x0000000000006d9c        0x8 /usr/lib/gcc/avr/4.9.2/../../../avr/lib/avr6/libc.a(atof.o)
                0x0000000000006d9c                atof
 .text.avr-libc
                0x0000000000006da4       0x3c /usr/lib/gcc/avr/4.9.2/../../../avr/lib/avr6/libc.a(atoi.o)
                0x0000000000006da4                atoi
 .text.avr-libc
                0x0000000000006de0       0x12 /usr/lib/gcc/avr/4.9.2/../../../avr/lib/avr6/libc.a(memcpy.o)
                0x0000000000006de0                memcpy
 .text.avr-libc
                0x0000000000006df2        0xe /usr/lib/gcc/avr/4.9.2/../../../avr/lib/avr6/libc.a(memset.o)
                0x0000000000006df2                memset
 .text.avr-libc
                0x0000000000006e00       0x16 /usr/lib/gcc/avr/4.9.2/../../../avr/lib/avr6/libc.a(itoa.o)
                0x0000000000006e00                itoa
                0x0000000000006e00                __itoa
 .text.avr-libc
                0x0000000000006e16       0x16 /usr/lib/gcc/avr/4.9.2/../../../avr/lib/avr6/libc.a(itoa_ncheck.o)
                0x0000000000006e16                __itoa_ncheck
 .text.avr-libc
                0x0000000000006e2c       0x16 /usr/lib/gcc/avr/4.9.2/../../../avr/lib/avr6/libc.a(ltoa.o)
                0x0000000000006e2c                __ltoa
                0x0000000000006e2c                ltoa
 .text.avr-libc
                0x0000000000006e42       0x1e /usr/lib/gcc/avr/4.9.2/../../../avr/lib/avr6/libc.a(ltoa_ncheck.o)
                0x0000000000006e42                __ltoa_ncheck
 .text.avr-libc
                0x0000000000006e60       0x10 /usr/lib/gcc/avr/4.9.2/../../../avr/lib/avr6/libc.a(mul10.o)
                0x0000000000006e60                __mulhi_const_10
 .text.avr-libc
                0x0000000000006e70       0x44 /usr/lib/gcc/avr/4.9.2/../../../avr/lib/avr6/libc.a(ultoa_ncheck.o)
                0x0000000000006e70                __ultoa_ncheck
                0x0000000000006e72                __ultoa_common
 .text.avr-libc
                0x0000000000006eb4       0x34 /usr/lib/gcc/avr/4.9.2/../../../avr/lib/avr6/libc.a(utoa_ncheck.o)
                0x0000000000006eb4                __utoa_ncheck
                0x0000000000006eb6                __utoa_common
 .text.avr-libc
                0x0000000000006ee8      0x31c /usr/lib/gcc/avr/4.9.2/../../../avr/lib/avr6/libc.a(dtoa_prf.o)
                0x0000000000006ee8                dtoa_prf
 .text.avr-libc
                0x0000000000007204      0x2de /usr/lib/gcc/avr/4.9.2/../../../avr/lib/avr6/libc.a(strtod.o)
                0x0000000000007204                strtod
 .text.avr-libc
                0x00000000000074e2      0x1b0 /usr/lib/gcc/avr/4.9.2/../../../avr/lib/avr6/libc.a(ftoa_engine.o)
                0x00000000000074e2                __ftoa_engine
 .text.avr-libc
                0x0000000000007692       0x12 /usr/lib/gcc/avr/4.9.2/../../../avr/lib/avr6/libc.a(isspace.o)
                0x0000000000007692                isspace
 .text.avr-libc
                0x00000000000076a4       0x30 /usr/lib/gcc/avr/4.9.2/../../../avr/lib/avr6/libc.a(strncasecmp_P.o)
                0x00000000000076a4                strncasecmp_P
 .text.avr-libc
                0x00000000000076d4       0x20 /usr/lib/gcc/avr/4.9.2/../../../avr/lib/avr6/libc.a(strrev.o)
                0x00000000000076d4                strrev
 .text.avr-libc
                0x00000000000076f4        0x6 /usr/lib/gcc/avr/4.9.2/../../../avr/lib/avr6/libc.a(cty_isfalse.o)
                0x00000000000076f4                __ctype_isfalse
                0x00000000000076f8                __ctype_istrue
 .text.libgcc.mul
                0x00000000000076fa       0x16 /usr/lib/gcc/avr/4.9.2/avr6/libgcc.a(_muluhisi3.o)
                0x00000000000076fa                __muluhisi3
 .text.libgcc.div
                0x0000000000007710        0x0 /usr/lib/gcc/avr/4.9.2/avr6/libgcc.a(_muluhisi3.o)
 .text.libgcc   0x0000000000007710        0x0 /usr/lib/gcc/avr/4.9.2/avr6/libgcc.a(_muluhisi3.o)
 .text.libgcc.prologue
                0x0000000000007710        0x0 /usr/lib/gcc/avr/4.9.2/avr6/libgcc.a(_muluhisi3.o)
 .text.libgcc.builtins
                0x0000000000007710        0x0 /usr/lib/gcc/avr/4.9.2/avr6/libgcc.a(_muluhisi3.o)
 .text.libgcc.fmul
                0x0000000000007710        0x0 /usr/lib/gcc/avr/4.9.2/avr6/libgcc.a(_muluhisi3.o)
 .text.libgcc.fixed
                0x0000000000007710        0x0 /usr/lib/gcc/avr/4.9.2/avr6/libgcc.a(_muluhisi3.o)
 .text.libgcc.mul
                0x0000000000007710       0x1e /usr/lib/gcc/avr/4.9.2/avr6/libgcc.a(_umulhisi3.o)
                0x0000000000007710                __umulhisi3
 .text.libgcc.div
                0x000000000000772e        0x0 /usr/lib/gcc/avr/4.9.2/avr6/libgcc.a(_umulhisi3.o)
 .text.libgcc   0x000000000000772e        0x0 /usr/lib/gcc/avr/4.9.2/avr6/libgcc.a(_umulhisi3.o)
 .text.libgcc.prologue
                0x000000000000772e        0x0 /usr/lib/gcc/avr/4.9.2/avr6/libgcc.a(_umulhisi3.o)
 .text.libgcc.builtins
                0x000000000000772e        0x0 /usr/lib/gcc/avr/4.9.2/avr6/libgcc.a(_umulhisi3.o)
 .text.libgcc.fmul
                0x000000000000772e        0x0 /usr/lib/gcc/avr/4.9.2/avr6/libgcc.a(_umulhisi3.o)
 .text.libgcc.fixed
                0x000000000000772e        0x0 /usr/lib/gcc/avr/4.9.2/avr6/libgcc.a(_umulhisi3.o)
                0x000000000000772e                . = ALIGN (0x2)
 *(.fini9)
 .fini9         0x000000000000772e        0x0 /usr/lib/gcc/avr/4.9.2/avr6/libgcc.a(_exit.o)
                0x000000000000772e                exit
                0x000000000000772e                _exit
 *(.fini9)
 *(.fini8)
 *(.fini8)
 *(.fini7)
 *(.fini7)
 *(.fini6)
 *(.fini6)
 *(.fini5)
 *(.fini5)
 *(.fini4)
 *(.fini4)
 *(.fini3)
 *(.fini3)
 *(.fini2)
 *(.fini2)
 *(.fini1)
 *(.fini1)
 *(.fini0)
 .fini0         0x000000000000772e        0x4 /usr/lib/gcc/avr/4.9.2/avr6/libgcc.a(_exit.o)
 *(.fini0)
                0x0000000000007732                _etext = .

.data           0x0000000000800200       0x18 load address 0x0000000000007732
                0x0000000000800200                PROVIDE (__data_start, .)
 *(.data)
 .data          0x0000000000800200        0x0 /usr/lib/gcc/avr/4.9.2/../../../avr/lib/avr6/crtatmega2560.o
 .data          0x0000000000800200        0x0 ./uart/uart.o
 .data          0x0000000000800200        0x0 ./i2c/i2c_master.o
 .data          0x0000000000800200        0x0 ./comm/nRF24L01.o
 .data          0x0000000000800200        0x0 ./adcs/complementaryFilter.o
 .data          0x0000000000800200        0x0 ./adcs/mpu6050.o
 .data          0x0000000000800200        0x0 ./adcs/sensor_reader.o
 .data          0x0000000000800200        0x0 ./SPI/spi.o
 .data          0x0000000000800200        0x0 ./croutine.o
 .data          0x0000000000800200        0x0 ./event_groups.o
 .data          0x0000000000800200        0x0 ./heap_3.o
 .data          0x0000000000800200        0x0 ./hooks.o
 .data          0x0000000000800200        0x0 ./list.o
 .data          0x0000000000800200        0x0 ./main.o
 .data          0x0000000000800200        0x0 ./port.o
 .data          0x0000000000800200        0x0 ./queue.o
 .data          0x0000000000800200        0x0 ./tasks.o
 .data          0x0000000000800200        0x0 ./timers.o
 .data          0x0000000000800200        0x0 /usr/lib/gcc/avr/4.9.2/avr6/libgcc.a(_exit.o)
 .data          0x0000000000800200        0x0 /usr/lib/gcc/avr/4.9.2/avr6/libgcc.a(_copy_data.o)
 .data          0x0000000000800200        0x0 /usr/lib/gcc/avr/4.9.2/avr6/libgcc.a(_clear_bss.o)
 .data          0x0000000000800200        0x0 /usr/lib/gcc/avr/4.9.2/../../../avr/lib/avr6/libm.a(addsf3.o)
 .data          0x0000000000800200        0x0 /usr/lib/gcc/avr/4.9.2/../../../avr/lib/avr6/libm.a(addsf3x.o)
 .data          0x0000000000800200        0x0 /usr/lib/gcc/avr/4.9.2/../../../avr/lib/avr6/libm.a(atan.o)
 .data          0x0000000000800200        0x0 /usr/lib/gcc/avr/4.9.2/../../../avr/lib/avr6/libm.a(cmpsf2.o)
 .data          0x0000000000800200        0x0 /usr/lib/gcc/avr/4.9.2/../../../avr/lib/avr6/libm.a(divsf3.o)
 .data          0x0000000000800200        0x0 /usr/lib/gcc/avr/4.9.2/../../../avr/lib/avr6/libm.a(divsf3x.o)
 .data          0x0000000000800200        0x0 /usr/lib/gcc/avr/4.9.2/../../../avr/lib/avr6/libm.a(fixunssfsi.o)
 .data          0x0000000000800200        0x0 /usr/lib/gcc/avr/4.9.2/../../../avr/lib/avr6/libm.a(floatsisf.o)
 .data          0x0000000000800200        0x0 /usr/lib/gcc/avr/4.9.2/../../../avr/lib/avr6/libm.a(fp_cmp.o)
 .data          0x0000000000800200        0x0 /usr/lib/gcc/avr/4.9.2/../../../avr/lib/avr6/libm.a(fp_inf.o)
 .data          0x0000000000800200        0x0 /usr/lib/gcc/avr/4.9.2/../../../avr/lib/avr6/libm.a(fp_nan.o)
 .data          0x0000000000800200        0x0 /usr/lib/gcc/avr/4.9.2/../../../avr/lib/avr6/libm.a(fp_powser.o)
 .data          0x0000000000800200        0x0 /usr/lib/gcc/avr/4.9.2/../../../avr/lib/avr6/libm.a(fp_pscA.o)
 .data          0x0000000000800200        0x0 /usr/lib/gcc/avr/4.9.2/../../../avr/lib/avr6/libm.a(fp_pscB.o)
 .data          0x0000000000800200        0x0 /usr/lib/gcc/avr/4.9.2/../../../avr/lib/avr6/libm.a(fp_round.o)
 .data          0x0000000000800200        0x0 /usr/lib/gcc/avr/4.9.2/../../../avr/lib/avr6/libm.a(fp_split3.o)
 .data          0x0000000000800200        0x0 /usr/lib/gcc/avr/4.9.2/../../../avr/lib/avr6/libm.a(fp_zero.o)
 .data          0x0000000000800200        0x0 /usr/lib/gcc/avr/4.9.2/../../../avr/lib/avr6/libm.a(gesf2.o)
 .data          0x0000000000800200        0x0 /usr/lib/gcc/avr/4.9.2/../../../avr/lib/avr6/libm.a(inverse.o)
 .data          0x0000000000800200        0x0 /usr/lib/gcc/avr/4.9.2/../../../avr/lib/avr6/libm.a(mulsf3.o)
 .data          0x0000000000800200        0x0 /usr/lib/gcc/avr/4.9.2/../../../avr/lib/avr6/libm.a(mulsf3x.o)
 .data          0x0000000000800200        0x0 /usr/lib/gcc/avr/4.9.2/../../../avr/lib/avr6/libm.a(pow.o)
 .data          0x0000000000800200        0x0 /usr/lib/gcc/avr/4.9.2/../../../avr/lib/avr6/libm.a(sqrt.o)
 .data          0x0000000000800200        0x0 /usr/lib/gcc/avr/4.9.2/../../../avr/lib/avr6/libm.a(square.o)
 .data          0x0000000000800200        0x0 /usr/lib/gcc/avr/4.9.2/../../../avr/lib/avr6/libm.a(exp.o)
 .data          0x0000000000800200        0x0 /usr/lib/gcc/avr/4.9.2/../../../avr/lib/avr6/libm.a(fp_mpack.o)
 .data          0x0000000000800200        0x0 /usr/lib/gcc/avr/4.9.2/../../../avr/lib/avr6/libm.a(fp_norm2.o)
 .data          0x0000000000800200        0x0 /usr/lib/gcc/avr/4.9.2/../../../avr/lib/avr6/libm.a(ldexp.o)
 .data          0x0000000000800200        0x0 /usr/lib/gcc/avr/4.9.2/../../../avr/lib/avr6/libm.a(log.o)
 .data          0x0000000000800200        0x0 /usr/lib/gcc/avr/4.9.2/../../../avr/lib/avr6/libm.a(modf.o)
 .data          0x0000000000800200        0x0 /usr/lib/gcc/avr/4.9.2/../../../avr/lib/avr6/libc.a(dtostrf.o)
 .data          0x0000000000800200        0x6 /usr/lib/gcc/avr/4.9.2/../../../avr/lib/avr6/libc.a(malloc.o)
                0x0000000000800200                __malloc_heap_end
                0x0000000000800202                __malloc_heap_start
                0x0000000000800204                __malloc_margin
 .data          0x0000000000800206        0x0 /usr/lib/gcc/avr/4.9.2/../../../avr/lib/avr6/libc.a(atof.o)
 .data          0x0000000000800206        0x0 /usr/lib/gcc/avr/4.9.2/../../../avr/lib/avr6/libc.a(atoi.o)
 .data          0x0000000000800206        0x0 /usr/lib/gcc/avr/4.9.2/../../../avr/lib/avr6/libc.a(memcpy.o)
 .data          0x0000000000800206        0x0 /usr/lib/gcc/avr/4.9.2/../../../avr/lib/avr6/libc.a(memset.o)
 .data          0x0000000000800206        0x0 /usr/lib/gcc/avr/4.9.2/../../../avr/lib/avr6/libc.a(itoa.o)
 .data          0x0000000000800206        0x0 /usr/lib/gcc/avr/4.9.2/../../../avr/lib/avr6/libc.a(itoa_ncheck.o)
 .data          0x0000000000800206        0x0 /usr/lib/gcc/avr/4.9.2/../../../avr/lib/avr6/libc.a(ltoa.o)
 .data          0x0000000000800206        0x0 /usr/lib/gcc/avr/4.9.2/../../../avr/lib/avr6/libc.a(ltoa_ncheck.o)
 .data          0x0000000000800206        0x0 /usr/lib/gcc/avr/4.9.2/../../../avr/lib/avr6/libc.a(mul10.o)
 .data          0x0000000000800206        0x0 /usr/lib/gcc/avr/4.9.2/../../../avr/lib/avr6/libc.a(ultoa_ncheck.o)
 .data          0x0000000000800206        0x0 /usr/lib/gcc/avr/4.9.2/../../../avr/lib/avr6/libc.a(utoa_ncheck.o)
 .data          0x0000000000800206        0x0 /usr/lib/gcc/avr/4.9.2/../../../avr/lib/avr6/libc.a(dtoa_prf.o)
 .data          0x0000000000800206        0x0 /usr/lib/gcc/avr/4.9.2/../../../avr/lib/avr6/libc.a(strtod.o)
 .data          0x0000000000800206        0x0 /usr/lib/gcc/avr/4.9.2/../../../avr/lib/avr6/libc.a(ftoa_engine.o)
 .data          0x0000000000800206        0x0 /usr/lib/gcc/avr/4.9.2/../../../avr/lib/avr6/libc.a(isspace.o)
 .data          0x0000000000800206        0x0 /usr/lib/gcc/avr/4.9.2/../../../avr/lib/avr6/libc.a(strncasecmp_P.o)
 .data          0x0000000000800206        0x0 /usr/lib/gcc/avr/4.9.2/../../../avr/lib/avr6/libc.a(strrev.o)
 .data          0x0000000000800206        0x0 /usr/lib/gcc/avr/4.9.2/../../../avr/lib/avr6/libc.a(errno.o)
 .data          0x0000000000800206        0x0 /usr/lib/gcc/avr/4.9.2/../../../avr/lib/avr6/libc.a(cty_isfalse.o)
 .data          0x0000000000800206        0x0 /usr/lib/gcc/avr/4.9.2/avr6/libgcc.a(_muluhisi3.o)
 .data          0x0000000000800206        0x0 /usr/lib/gcc/avr/4.9.2/avr6/libgcc.a(_umulhisi3.o)
 *(.data*)
 *(.rodata)
 .rodata        0x0000000000800206        0x2 ./uart/uart.o
 .rodata        0x0000000000800208        0xa ./main.o
 .rodata        0x0000000000800212        0x5 ./tasks.o
 *(.rodata*)
 *(.gnu.linkonce.d*)
                0x0000000000800218                . = ALIGN (0x2)
 *fill*         0x0000000000800217        0x1 
                0x0000000000800218                _edata = .
                0x0000000000800218                PROVIDE (__data_end, .)

.bss            0x0000000000800218       0xa3
                0x0000000000800218                PROVIDE (__bss_start, .)
 *(.bss)
 .bss           0x0000000000800218        0x0 /usr/lib/gcc/avr/4.9.2/../../../avr/lib/avr6/crtatmega2560.o
 .bss           0x0000000000800218        0x0 ./uart/uart.o
 .bss           0x0000000000800218        0x0 ./i2c/i2c_master.o
 .bss           0x0000000000800218        0x0 ./comm/nRF24L01.o
 .bss           0x0000000000800218        0x0 ./adcs/complementaryFilter.o
 .bss           0x0000000000800218        0x0 ./adcs/mpu6050.o
 .bss           0x0000000000800218        0x0 ./adcs/sensor_reader.o
 .bss           0x0000000000800218        0x0 ./SPI/spi.o
 .bss           0x0000000000800218        0x0 ./croutine.o
 .bss           0x0000000000800218        0x0 ./event_groups.o
 .bss           0x0000000000800218        0x0 ./heap_3.o
 .bss           0x0000000000800218        0x0 ./hooks.o
 .bss           0x0000000000800218        0x0 ./list.o
 .bss           0x0000000000800218        0x0 ./main.o
 .bss           0x0000000000800218        0x0 ./port.o
 .bss           0x0000000000800218        0x0 ./queue.o
 .bss           0x0000000000800218        0x0 ./tasks.o
 .bss           0x0000000000800218        0x0 ./timers.o
 .bss           0x0000000000800218        0x0 /usr/lib/gcc/avr/4.9.2/avr6/libgcc.a(_exit.o)
 .bss           0x0000000000800218        0x0 /usr/lib/gcc/avr/4.9.2/avr6/libgcc.a(_copy_data.o)
 .bss           0x0000000000800218        0x0 /usr/lib/gcc/avr/4.9.2/avr6/libgcc.a(_clear_bss.o)
 .bss           0x0000000000800218        0x0 /usr/lib/gcc/avr/4.9.2/../../../avr/lib/avr6/libm.a(addsf3.o)
 .bss           0x0000000000800218        0x0 /usr/lib/gcc/avr/4.9.2/../../../avr/lib/avr6/libm.a(addsf3x.o)
 .bss           0x0000000000800218        0x0 /usr/lib/gcc/avr/4.9.2/../../../avr/lib/avr6/libm.a(atan.o)
 .bss           0x0000000000800218        0x0 /usr/lib/gcc/avr/4.9.2/../../../avr/lib/avr6/libm.a(cmpsf2.o)
 .bss           0x0000000000800218        0x0 /usr/lib/gcc/avr/4.9.2/../../../avr/lib/avr6/libm.a(divsf3.o)
 .bss           0x0000000000800218        0x0 /usr/lib/gcc/avr/4.9.2/../../../avr/lib/avr6/libm.a(divsf3x.o)
 .bss           0x0000000000800218        0x0 /usr/lib/gcc/avr/4.9.2/../../../avr/lib/avr6/libm.a(fixunssfsi.o)
 .bss           0x0000000000800218        0x0 /usr/lib/gcc/avr/4.9.2/../../../avr/lib/avr6/libm.a(floatsisf.o)
 .bss           0x0000000000800218        0x0 /usr/lib/gcc/avr/4.9.2/../../../avr/lib/avr6/libm.a(fp_cmp.o)
 .bss           0x0000000000800218        0x0 /usr/lib/gcc/avr/4.9.2/../../../avr/lib/avr6/libm.a(fp_inf.o)
 .bss           0x0000000000800218        0x0 /usr/lib/gcc/avr/4.9.2/../../../avr/lib/avr6/libm.a(fp_nan.o)
 .bss           0x0000000000800218        0x0 /usr/lib/gcc/avr/4.9.2/../../../avr/lib/avr6/libm.a(fp_powser.o)
 .bss           0x0000000000800218        0x0 /usr/lib/gcc/avr/4.9.2/../../../avr/lib/avr6/libm.a(fp_pscA.o)
 .bss           0x0000000000800218        0x0 /usr/lib/gcc/avr/4.9.2/../../../avr/lib/avr6/libm.a(fp_pscB.o)
 .bss           0x0000000000800218        0x0 /usr/lib/gcc/avr/4.9.2/../../../avr/lib/avr6/libm.a(fp_round.o)
 .bss           0x0000000000800218        0x0 /usr/lib/gcc/avr/4.9.2/../../../avr/lib/avr6/libm.a(fp_split3.o)
 .bss           0x0000000000800218        0x0 /usr/lib/gcc/avr/4.9.2/../../../avr/lib/avr6/libm.a(fp_zero.o)
 .bss           0x0000000000800218        0x0 /usr/lib/gcc/avr/4.9.2/../../../avr/lib/avr6/libm.a(gesf2.o)
 .bss           0x0000000000800218        0x0 /usr/lib/gcc/avr/4.9.2/../../../avr/lib/avr6/libm.a(inverse.o)
 .bss           0x0000000000800218        0x0 /usr/lib/gcc/avr/4.9.2/../../../avr/lib/avr6/libm.a(mulsf3.o)
 .bss           0x0000000000800218        0x0 /usr/lib/gcc/avr/4.9.2/../../../avr/lib/avr6/libm.a(mulsf3x.o)
 .bss           0x0000000000800218        0x0 /usr/lib/gcc/avr/4.9.2/../../../avr/lib/avr6/libm.a(pow.o)
 .bss           0x0000000000800218        0x0 /usr/lib/gcc/avr/4.9.2/../../../avr/lib/avr6/libm.a(sqrt.o)
 .bss           0x0000000000800218        0x0 /usr/lib/gcc/avr/4.9.2/../../../avr/lib/avr6/libm.a(square.o)
 .bss           0x0000000000800218        0x0 /usr/lib/gcc/avr/4.9.2/../../../avr/lib/avr6/libm.a(exp.o)
 .bss           0x0000000000800218        0x0 /usr/lib/gcc/avr/4.9.2/../../../avr/lib/avr6/libm.a(fp_mpack.o)
 .bss           0x0000000000800218        0x0 /usr/lib/gcc/avr/4.9.2/../../../avr/lib/avr6/libm.a(fp_norm2.o)
 .bss           0x0000000000800218        0x0 /usr/lib/gcc/avr/4.9.2/../../../avr/lib/avr6/libm.a(ldexp.o)
 .bss           0x0000000000800218        0x0 /usr/lib/gcc/avr/4.9.2/../../../avr/lib/avr6/libm.a(log.o)
 .bss           0x0000000000800218        0x0 /usr/lib/gcc/avr/4.9.2/../../../avr/lib/avr6/libm.a(modf.o)
 .bss           0x0000000000800218        0x0 /usr/lib/gcc/avr/4.9.2/../../../avr/lib/avr6/libc.a(dtostrf.o)
 .bss           0x0000000000800218        0x0 /usr/lib/gcc/avr/4.9.2/../../../avr/lib/avr6/libc.a(malloc.o)
 .bss           0x0000000000800218        0x0 /usr/lib/gcc/avr/4.9.2/../../../avr/lib/avr6/libc.a(atof.o)
 .bss           0x0000000000800218        0x0 /usr/lib/gcc/avr/4.9.2/../../../avr/lib/avr6/libc.a(atoi.o)
 .bss           0x0000000000800218        0x0 /usr/lib/gcc/avr/4.9.2/../../../avr/lib/avr6/libc.a(memcpy.o)
 .bss           0x0000000000800218        0x0 /usr/lib/gcc/avr/4.9.2/../../../avr/lib/avr6/libc.a(memset.o)
 .bss           0x0000000000800218        0x0 /usr/lib/gcc/avr/4.9.2/../../../avr/lib/avr6/libc.a(itoa.o)
 .bss           0x0000000000800218        0x0 /usr/lib/gcc/avr/4.9.2/../../../avr/lib/avr6/libc.a(itoa_ncheck.o)
 .bss           0x0000000000800218        0x0 /usr/lib/gcc/avr/4.9.2/../../../avr/lib/avr6/libc.a(ltoa.o)
 .bss           0x0000000000800218        0x0 /usr/lib/gcc/avr/4.9.2/../../../avr/lib/avr6/libc.a(ltoa_ncheck.o)
 .bss           0x0000000000800218        0x0 /usr/lib/gcc/avr/4.9.2/../../../avr/lib/avr6/libc.a(mul10.o)
 .bss           0x0000000000800218        0x0 /usr/lib/gcc/avr/4.9.2/../../../avr/lib/avr6/libc.a(ultoa_ncheck.o)
 .bss           0x0000000000800218        0x0 /usr/lib/gcc/avr/4.9.2/../../../avr/lib/avr6/libc.a(utoa_ncheck.o)
 .bss           0x0000000000800218        0x0 /usr/lib/gcc/avr/4.9.2/../../../avr/lib/avr6/libc.a(dtoa_prf.o)
 .bss           0x0000000000800218        0x0 /usr/lib/gcc/avr/4.9.2/../../../avr/lib/avr6/libc.a(strtod.o)
 .bss           0x0000000000800218        0x0 /usr/lib/gcc/avr/4.9.2/../../../avr/lib/avr6/libc.a(ftoa_engine.o)
 .bss           0x0000000000800218        0x0 /usr/lib/gcc/avr/4.9.2/../../../avr/lib/avr6/libc.a(isspace.o)
 .bss           0x0000000000800218        0x0 /usr/lib/gcc/avr/4.9.2/../../../avr/lib/avr6/libc.a(strncasecmp_P.o)
 .bss           0x0000000000800218        0x0 /usr/lib/gcc/avr/4.9.2/../../../avr/lib/avr6/libc.a(strrev.o)
 .bss           0x0000000000800218        0x0 /usr/lib/gcc/avr/4.9.2/../../../avr/lib/avr6/libc.a(errno.o)
 .bss           0x0000000000800218        0x0 /usr/lib/gcc/avr/4.9.2/../../../avr/lib/avr6/libc.a(cty_isfalse.o)
 .bss           0x0000000000800218        0x0 /usr/lib/gcc/avr/4.9.2/avr6/libgcc.a(_muluhisi3.o)
 .bss           0x0000000000800218        0x0 /usr/lib/gcc/avr/4.9.2/avr6/libgcc.a(_umulhisi3.o)
 *(.bss*)
 .bss.ax        0x0000000000800218        0x2 ./main.o
                0x0000000000800218                ax
 .bss.ay        0x000000000080021a        0x2 ./main.o
                0x000000000080021a                ay
 .bss.az        0x000000000080021c        0x2 ./main.o
                0x000000000080021c                az
 .bss.gx        0x000000000080021e        0x2 ./main.o
                0x000000000080021e                gx
 .bss.gy        0x0000000000800220        0x2 ./main.o
                0x0000000000800220                gy
 .bss.gz        0x0000000000800222        0x2 ./main.o
                0x0000000000800222                gz
 .bss.axg       0x0000000000800224        0x4 ./main.o
                0x0000000000800224                axg
 .bss.ayg       0x0000000000800228        0x4 ./main.o
                0x0000000000800228                ayg
 .bss.azg       0x000000000080022c        0x4 ./main.o
                0x000000000080022c                azg
 .bss.gxds      0x0000000000800230        0x4 ./main.o
                0x0000000000800230                gxds
 .bss.gyds      0x0000000000800234        0x4 ./main.o
                0x0000000000800234                gyds
 .bss.gzds      0x0000000000800238        0x4 ./main.o
                0x0000000000800238                gzds
 .bss.temp      0x000000000080023c        0x4 ./main.o
                0x000000000080023c                temp
 .bss.pxCurrentTCB
                0x0000000000800240        0x2 ./tasks.o
                0x0000000000800240                pxCurrentTCB
 .bss.pxReadyTasksLists
                0x0000000000800242       0x24 ./tasks.o
 .bss.xDelayedTaskList1
                0x0000000000800266        0x9 ./tasks.o
 .bss.xDelayedTaskList2
                0x000000000080026f        0x9 ./tasks.o
 .bss.pxDelayedTaskList
                0x0000000000800278        0x2 ./tasks.o
 .bss.pxOverflowDelayedTaskList
                0x000000000080027a        0x2 ./tasks.o
 .bss.xPendingReadyList
                0x000000000080027c        0x9 ./tasks.o
 .bss.xTasksWaitingTermination
                0x0000000000800285        0x9 ./tasks.o
 .bss.uxTasksDeleted
                0x000000000080028e        0x1 ./tasks.o
 .bss.xSuspendedTaskList
                0x000000000080028f        0x9 ./tasks.o
 .bss.uxCurrentNumberOfTasks
                0x0000000000800298        0x1 ./tasks.o
 .bss.xTickCount
                0x0000000000800299        0x2 ./tasks.o
 .bss.uxTopReadyPriority
                0x000000000080029b        0x1 ./tasks.o
 .bss.xSchedulerRunning
                0x000000000080029c        0x1 ./tasks.o
 .bss.uxPendedTicks
                0x000000000080029d        0x1 ./tasks.o
 .bss.xYieldPending
                0x000000000080029e        0x1 ./tasks.o
 .bss.xNumOfOverflows
                0x000000000080029f        0x1 ./tasks.o
 .bss.uxTaskNumber
                0x00000000008002a0        0x1 ./tasks.o
 .bss.xNextTaskUnblockTime
                0x00000000008002a1        0x2 ./tasks.o
 .bss.uxSchedulerSuspended
                0x00000000008002a3        0x1 ./tasks.o
 *(COMMON)
 COMMON         0x00000000008002a4        0x1 ./comm/nRF24L01.o
                0x00000000008002a4                PTX
 COMMON         0x00000000008002a5        0xe ./adcs/mpu6050.o
                0x00000000008002a5                buffer
 COMMON         0x00000000008002b3        0x2 ./adcs/sensor_reader.o
                0x00000000008002b3                temp_buff
 COMMON         0x00000000008002b5        0x4 /usr/lib/gcc/avr/4.9.2/../../../avr/lib/avr6/libc.a(malloc.o)
                0x00000000008002b5                __brkval
                0x00000000008002b7                __flp
 COMMON         0x00000000008002b9        0x2 /usr/lib/gcc/avr/4.9.2/../../../avr/lib/avr6/libc.a(errno.o)
                0x00000000008002b9                errno
                0x00000000008002bb                PROVIDE (__bss_end, .)
                0x0000000000007732                __data_load_start = LOADADDR (.data)
                0x000000000000774a                __data_load_end = (__data_load_start + SIZEOF (.data))

.noinit         0x00000000008002bb        0x0
                0x00000000008002bb                PROVIDE (__noinit_start, .)
 *(.noinit*)
                0x00000000008002bb                PROVIDE (__noinit_end, .)
                0x00000000008002bb                _end = .
                0x00000000008002bb                PROVIDE (__heap_start, .)

.eeprom         0x0000000000810000        0x0
 *(.eeprom*)
                0x0000000000810000                __eeprom_end = .

.fuse
 *(.fuse)
 *(.lfuse)
 *(.hfuse)
 *(.efuse)

.lock
 *(.lock*)

.signature
 *(.signature*)

.user_signatures
 *(.user_signatures*)

.stab           0x0000000000000000     0xb394
 *(.stab)
 .stab          0x0000000000000000      0x93c ./uart/uart.o
 .stab          0x000000000000093c      0x93c ./i2c/i2c_master.o
                                        0xb04 (size before relaxing)
 .stab          0x0000000000001278      0x66c ./comm/nRF24L01.o
                                        0x834 (size before relaxing)
 .stab          0x00000000000018e4      0x354 ./adcs/complementaryFilter.o
                                        0x360 (size before relaxing)
 .stab          0x0000000000001c38      0xb7c ./adcs/mpu6050.o
                                        0xd44 (size before relaxing)
 .stab          0x00000000000027b4      0x750 ./adcs/sensor_reader.o
                                        0x918 (size before relaxing)
 .stab          0x0000000000002f04      0x4a4 ./SPI/spi.o
                                        0x66c (size before relaxing)
 .stab          0x00000000000033a8      0x528 ./croutine.o
                                        0x6f0 (size before relaxing)
 .stab          0x00000000000038d0      0xe34 ./event_groups.o
                                       0x11dc (size before relaxing)
 .stab          0x0000000000004704      0x414 ./heap_3.o
                                        0x7f8 (size before relaxing)
 .stab          0x0000000000004b18      0x5b8 ./hooks.o
                                        0x984 (size before relaxing)
 .stab          0x00000000000050d0      0x618 ./list.o
                                        0x930 (size before relaxing)
 .stab          0x00000000000056e8      0x630 ./main.o
                                        0xa08 (size before relaxing)
 .stab          0x0000000000005d18      0x978 ./port.o
                                        0xd50 (size before relaxing)
 .stab          0x0000000000006690     0x19bc ./queue.o
                                       0x1dd0 (size before relaxing)
 .stab          0x000000000000804c     0x3018 ./tasks.o
                                       0x342c (size before relaxing)
 .stab          0x000000000000b064      0x330 ./timers.o
                                        0x774 (size before relaxing)

.stabstr        0x0000000000000000     0x3f38
 *(.stabstr)
 .stabstr       0x0000000000000000     0x3f38 ./uart/uart.o

.stab.excl
 *(.stab.excl)

.stab.exclstr
 *(.stab.exclstr)

.stab.index
 *(.stab.index)

.stab.indexstr
 *(.stab.indexstr)

.comment        0x0000000000000000       0x11
 *(.comment)
 .comment       0x0000000000000000       0x11 ./uart/uart.o
                                         0x12 (size before relaxing)
 .comment       0x0000000000000011       0x12 ./i2c/i2c_master.o
 .comment       0x0000000000000011       0x12 ./comm/nRF24L01.o
 .comment       0x0000000000000011       0x12 ./adcs/complementaryFilter.o
 .comment       0x0000000000000011       0x12 ./adcs/mpu6050.o
 .comment       0x0000000000000011       0x12 ./adcs/sensor_reader.o
 .comment       0x0000000000000011       0x12 ./SPI/spi.o
 .comment       0x0000000000000011       0x12 ./croutine.o
 .comment       0x0000000000000011       0x12 ./event_groups.o
 .comment       0x0000000000000011       0x12 ./heap_3.o
 .comment       0x0000000000000011       0x12 ./hooks.o
 .comment       0x0000000000000011       0x12 ./list.o
 .comment       0x0000000000000011       0x12 ./main.o
 .comment       0x0000000000000011       0x12 ./port.o
 .comment       0x0000000000000011       0x12 ./queue.o
 .comment       0x0000000000000011       0x12 ./tasks.o
 .comment       0x0000000000000011       0x12 ./timers.o
 .comment       0x0000000000000011       0x12 /usr/lib/gcc/avr/4.9.2/../../../avr/lib/avr6/libc.a(dtostrf.o)
 .comment       0x0000000000000011       0x12 /usr/lib/gcc/avr/4.9.2/../../../avr/lib/avr6/libc.a(malloc.o)
 .comment       0x0000000000000011       0x12 /usr/lib/gcc/avr/4.9.2/../../../avr/lib/avr6/libc.a(dtoa_prf.o)
 .comment       0x0000000000000011       0x12 /usr/lib/gcc/avr/4.9.2/../../../avr/lib/avr6/libc.a(strtod.o)
 .comment       0x0000000000000011       0x12 /usr/lib/gcc/avr/4.9.2/../../../avr/lib/avr6/libc.a(errno.o)

.note.gnu.avr.deviceinfo
                0x0000000000000000       0x40
 .note.gnu.avr.deviceinfo
                0x0000000000000000       0x40 /usr/lib/gcc/avr/4.9.2/../../../avr/lib/avr6/crtatmega2560.o

.note.gnu.build-id
 *(.note.gnu.build-id)

.debug
 *(.debug)

.line
 *(.line)

.debug_srcinfo
 *(.debug_srcinfo)

.debug_sfnames
 *(.debug_sfnames)

.debug_aranges
 *(.debug_aranges)

.debug_pubnames
 *(.debug_pubnames)

.debug_info
 *(.debug_info .gnu.linkonce.wi.*)

.debug_abbrev
 *(.debug_abbrev)

.debug_line
 *(.debug_line .debug_line.* .debug_line_end)

.debug_frame
 *(.debug_frame)

.debug_str
 *(.debug_str)

.debug_loc
 *(.debug_loc)

.debug_macinfo
 *(.debug_macinfo)

.debug_weaknames
 *(.debug_weaknames)

.debug_funcnames
 *(.debug_funcnames)

.debug_typenames
 *(.debug_typenames)

.debug_varnames
 *(.debug_varnames)

.debug_pubtypes
 *(.debug_pubtypes)

.debug_ranges
 *(.debug_ranges)

.debug_macro
 *(.debug_macro)
OUTPUT(quadcopter_dev.elf elf32-avr)
LOAD linker stubs
